#
# There is insufficient memory for the Java Runtime Environment to continue.
# Native memory allocation (mmap) failed to map 398458880 bytes for G1 virtual space
# Possible reasons:
#   The system is out of physical RAM or swap space
#   The process is running with CompressedOops enabled, and the Java Heap may be blocking the growth of the native heap
# Possible solutions:
#   Reduce memory load on the system
#   Increase physical memory or swap space
#   Check if swap backing store is full
#   Decrease Java heap size (-Xmx/-Xms)
#   Decrease number of Java threads
#   Decrease Java thread stack sizes (-Xss)
#   Set larger code cache with -XX:ReservedCodeCacheSize=
#   JVM is running with Zero Based Compressed Oops mode in which the Java heap is
#     placed in the first 32GB address space. The Java Heap base address is the
#     maximum limit for the native heap growth. Please use -XX:HeapBaseMinAddress
#     to set the Java Heap base and to place the Java Heap above 32GB virtual address.
# This output file may be truncated or incomplete.
#
#  Out of Memory Error (os_windows.cpp:3771), pid=14560, tid=15508
#
# JRE version:  (17.0.7) (build )
# Java VM: OpenJDK 64-Bit Server VM (17.0.7+0-b2043.56-10550314, mixed mode, sharing, tiered, compressed oops, compressed class ptrs, g1 gc, windows-amd64)
# No core dump will be written. Minidumps are not enabled by default on client versions of Windows
#

---------------  S U M M A R Y ------------

Command Line: git4idea.http.GitAskPassApp Username for 'https://github.com': 

Host: 12th Gen Intel(R) Core(TM) i5-12450H, 12 cores, 23G,  Windows 11 , 64 bit Build 22621 (10.0.22621.3235)
Time: Wed Mar 13 14:30:33 2024 SE Asia Standard Time elapsed time: 0.006697 seconds (0d 0h 0m 0s)

---------------  T H R E A D  ---------------

Current thread (0x000002bd68fc04a0):  JavaThread "Unknown thread" [_thread_in_vm, id=15508, stack(0x000000cb07600000,0x000000cb07700000)]

Stack: [0x000000cb07600000,0x000000cb07700000]
Native frames: (J=compiled Java code, j=interpreted, Vv=VM code, C=native code)
V  [jvm.dll+0x683bfa]
V  [jvm.dll+0x8430a4]
V  [jvm.dll+0x8449be]
V  [jvm.dll+0x845023]
V  [jvm.dll+0x24ad2f]
V  [jvm.dll+0x680ac9]
V  [jvm.dll+0x67519a]
V  [jvm.dll+0x30b3cb]
V  [jvm.dll+0x312876]
V  [jvm.dll+0x36221e]
V  [jvm.dll+0x36244f]
V  [jvm.dll+0x2e14a8]
V  [jvm.dll+0x2e2414]
V  [jvm.dll+0x814391]
V  [jvm.dll+0x36ffe1]
V  [jvm.dll+0x7f396c]
V  [jvm.dll+0x3f305f]
V  [jvm.dll+0x3f4b91]
C  [jli.dll+0x528f]
C  [ucrtbase.dll+0x29363]
C  [KERNEL32.DLL+0x1257d]
C  [ntdll.dll+0x5aa58]


---------------  P R O C E S S  ---------------

Threads class SMR info:
_java_thread_list=0x00007ff8c85fd098, length=0, elements={
}

Java Threads: ( => current thread )

Other Threads:
  0x000002bd69048560 GCTaskThread "GC Thread#0" [stack: 0x000000cb07700000,0x000000cb07800000] [id=7696]
  0x000002bd69055260 ConcurrentGCThread "G1 Main Marker" [stack: 0x000000cb07800000,0x000000cb07900000] [id=10872]
  0x000002bd69055c70 ConcurrentGCThread "G1 Conc#0" [stack: 0x000000cb07900000,0x000000cb07a00000] [id=10752]

[error occurred during error reporting (printing all threads), id 0xc0000005, EXCEPTION_ACCESS_VIOLATION (0xc0000005) at pc=0x00007ff8c7db2087]

VM state: not at safepoint (not fully initialized)

VM Mutex/Monitor currently owned by a thread:  ([mutex/lock_event])
[0x000002bd68fbb910] Heap_lock - owner thread: 0x000002bd68fc04a0

Heap address: 0x0000000684800000, size: 6072 MB, Compressed Oops mode: Zero based, Oop shift amount: 3

CDS archive(s) mapped at: [0x0000000000000000-0x0000000000000000-0x0000000000000000), size 0, SharedBaseAddress: 0x0000000800000000, ArchiveRelocationMode: 0.
Narrow klass base: 0x0000000000000000, Narrow klass shift: 0, Narrow klass range: 0x0

GC Precious Log:
<Empty>

Heap:
 garbage-first heap   total 0K, used 0K [0x0000000684800000, 0x0000000800000000)
  region size 4096K, 0 young (0K), 0 survivors (0K)
 Metaspace       used 0K, committed 0K, reserved 0K
  class space    used 0K, committed 0K, reserved 0K

Heap Regions: E=young(eden), S=young(survivor), O=old, HS=humongous(starts), HC=humongous(continues), CS=collection set, F=free, OA=open archive, CA=closed archive, TAMS=top-at-mark-start (previous, next)

Card table byte_map: [0x000002bd7c5d0000,0x000002bd7d1b0000] _byte_map_base: 0x000002bd791ac000

Marking Bits (Prev, Next): (CMBitMap*) 0x000002bd69048b70, (CMBitMap*) 0x000002bd69048bb0
 Prev Bits: [0x000002bd00000000, 0x000002bd05ee0000)
 Next Bits: [0x000002bd05ee0000, 0x000002bd0bdc0000)

GC Heap History (0 events):
No events

Dll operation events (1 events):
Event: 0.004 Loaded shared library C:\Program Files\Android\Android Studio\jbr\bin\java.dll

Deoptimization events (0 events):
No events

Classes unloaded (0 events):
No events

Classes redefined (0 events):
No events

Internal exceptions (0 events):
No events

VM Operations (0 events):
No events

Events (0 events):
No events


Dynamic libraries:
0x00007ff6c77b0000 - 0x00007ff6c77ba000 	C:\Program Files\Android\Android Studio\jbr\bin\java.exe
0x00007ff96f2d0000 - 0x00007ff96f4e6000 	C:\WINDOWS\SYSTEM32\ntdll.dll
0x00007ff96e4e0000 - 0x00007ff96e5a4000 	C:\WINDOWS\System32\KERNEL32.DLL
0x00007ff96ca80000 - 0x00007ff96ce26000 	C:\WINDOWS\System32\KERNELBASE.dll
0x00007ff96c960000 - 0x00007ff96ca71000 	C:\WINDOWS\System32\ucrtbase.dll
0x00007ff94ffa0000 - 0x00007ff94ffb7000 	C:\Program Files\Android\Android Studio\jbr\bin\jli.dll
0x00007ff963740000 - 0x00007ff96375b000 	C:\Program Files\Android\Android Studio\jbr\bin\VCRUNTIME140.dll
0x00007ff96eb90000 - 0x00007ff96ed3d000 	C:\WINDOWS\System32\USER32.dll
0x00007ff96cf50000 - 0x00007ff96cf76000 	C:\WINDOWS\System32\win32u.dll
0x00007ff9518b0000 - 0x00007ff951b43000 	C:\WINDOWS\WinSxS\amd64_microsoft.windows.common-controls_6595b64144ccf1df_6.0.22621.3235_none_270f74e173860f98\COMCTL32.dll
0x00007ff96e330000 - 0x00007ff96e359000 	C:\WINDOWS\System32\GDI32.dll
0x00007ff96ce30000 - 0x00007ff96cf48000 	C:\WINDOWS\System32\gdi32full.dll
0x00007ff96e430000 - 0x00007ff96e4d7000 	C:\WINDOWS\System32\msvcrt.dll
0x00007ff96cf80000 - 0x00007ff96d01a000 	C:\WINDOWS\System32\msvcp_win.dll
0x00007ff96f1a0000 - 0x00007ff96f1d1000 	C:\WINDOWS\System32\IMM32.DLL
0x00007ff964d30000 - 0x00007ff964d3c000 	C:\Program Files\Android\Android Studio\jbr\bin\vcruntime140_1.dll
0x00007ff951d00000 - 0x00007ff951d8d000 	C:\Program Files\Android\Android Studio\jbr\bin\msvcp140.dll
0x00007ff8c7ac0000 - 0x00007ff8c8740000 	C:\Program Files\Android\Android Studio\jbr\bin\server\jvm.dll
0x00007ff96d140000 - 0x00007ff96d1f2000 	C:\WINDOWS\System32\ADVAPI32.dll
0x00007ff96e840000 - 0x00007ff96e8e8000 	C:\WINDOWS\System32\sechost.dll
0x00007ff96c690000 - 0x00007ff96c6b8000 	C:\WINDOWS\System32\bcrypt.dll
0x00007ff96e640000 - 0x00007ff96e755000 	C:\WINDOWS\System32\RPCRT4.dll
0x00007ff960ad0000 - 0x00007ff960b04000 	C:\WINDOWS\SYSTEM32\WINMM.dll
0x00007ff93c6a0000 - 0x00007ff93c6a9000 	C:\WINDOWS\SYSTEM32\WSOCK32.dll
0x00007ff960d60000 - 0x00007ff960d6a000 	C:\WINDOWS\SYSTEM32\VERSION.dll
0x00007ff96e5b0000 - 0x00007ff96e621000 	C:\WINDOWS\System32\WS2_32.dll
0x00007ff96b740000 - 0x00007ff96b758000 	C:\WINDOWS\SYSTEM32\kernel.appcore.dll
0x00007ff964dd0000 - 0x00007ff964dda000 	C:\Program Files\Android\Android Studio\jbr\bin\jimage.dll
0x00007ff969c00000 - 0x00007ff969e33000 	C:\WINDOWS\SYSTEM32\DBGHELP.DLL
0x00007ff96d710000 - 0x00007ff96da98000 	C:\WINDOWS\System32\combase.dll
0x00007ff96e760000 - 0x00007ff96e837000 	C:\WINDOWS\System32\OLEAUT32.dll
0x00007ff954af0000 - 0x00007ff954b22000 	C:\WINDOWS\SYSTEM32\dbgcore.DLL
0x00007ff96c610000 - 0x00007ff96c68a000 	C:\WINDOWS\System32\bcryptPrimitives.dll
0x00007ff962850000 - 0x00007ff962875000 	C:\Program Files\Android\Android Studio\jbr\bin\java.dll

dbghelp: loaded successfully - version: 4.0.5 - missing functions: none
symbol engine: initialized successfully - sym options: 0x614 - pdb path: .;C:\Program Files\Android\Android Studio\jbr\bin;C:\WINDOWS\SYSTEM32;C:\WINDOWS\WinSxS\amd64_microsoft.windows.common-controls_6595b64144ccf1df_6.0.22621.3235_none_270f74e173860f98;C:\Program Files\Android\Android Studio\jbr\bin\server

VM Arguments:
java_command: git4idea.http.GitAskPassApp Username for 'https://github.com': 
java_class_path (initial): C:/Program Files/Android/Android Studio/plugins/vcs-git/lib/git4idea-rt.jar;C:/Program Files/Android/Android Studio/lib/externalProcess-rt.jar
Launcher Type: SUN_STANDARD

[Global flags]
     intx CICompilerCount                          = 4                                         {product} {ergonomic}
     uint ConcGCThreads                            = 3                                         {product} {ergonomic}
     uint G1ConcRefinementThreads                  = 10                                        {product} {ergonomic}
   size_t G1HeapRegionSize                         = 4194304                                   {product} {ergonomic}
    uintx GCDrainStackTargetSize                   = 64                                        {product} {ergonomic}
   size_t InitialHeapSize                          = 398458880                                 {product} {ergonomic}
   size_t MarkStackSize                            = 4194304                                   {product} {ergonomic}
   size_t MaxHeapSize                              = 6366953472                                {product} {ergonomic}
   size_t MinHeapDeltaBytes                        = 4194304                                   {product} {ergonomic}
   size_t MinHeapSize                              = 8388608                                   {product} {ergonomic}
    uintx NonNMethodCodeHeapSize                   = 5839372                                {pd product} {ergonomic}
    uintx NonProfiledCodeHeapSize                  = 122909434                              {pd product} {ergonomic}
    uintx ProfiledCodeHeapSize                     = 122909434                              {pd product} {ergonomic}
    uintx ReservedCodeCacheSize                    = 251658240                              {pd product} {ergonomic}
     bool SegmentedCodeCache                       = true                                      {product} {ergonomic}
   size_t SoftMaxHeapSize                          = 6366953472                             {manageable} {ergonomic}
     bool UseCompressedClassPointers               = true                           {product lp64_product} {ergonomic}
     bool UseCompressedOops                        = true                           {product lp64_product} {ergonomic}
     bool UseG1GC                                  = true                                      {product} {ergonomic}
     bool UseLargePagesIndividualAllocation        = false                                  {pd product} {ergonomic}

Logging:
Log output configuration:
 #0: stdout all=warning uptime,level,tags
 #1: stderr all=off uptime,level,tags

Environment Variables:
PATH=C:/Program Files/Git/mingw64/libexec/git-core;C:/Program Files/Git/mingw64/libexec/git-core;C:\Program Files\Git\mingw64\bin;C:\Program Files\Git\usr\bin;C:\Users\IIISI\bin;C:\Program Files\Common Files\Oracle\Java\javapath;C:\Program Files (x86)\Common Files\Oracle\Java\javapath;C:\Program Files\Eclipse Adoptium\jdk-17.0.8.101-hotspot\bin;C:\Python311\Scripts\;C:\Python311\;C:\Program Files (x86)\Common Files\Intel\Shared Libraries\redist\intel64\compiler;C:\Windows\system32;C:\Windows;C:\Windows\System32\Wbem;C:\Windows\System32\WindowsPowerShell\v1.0\;C:\Windows\System32\OpenSSH\;C:\Program Files (x86)\NVIDIA Corporation\PhysX\Common;C:\Program Files\NVIDIA Corporation\NVIDIA NvDLISR;C:\WINDOWS\system32;C:\WINDOWS;C:\WINDOWS\System32\Wbem;C:\WINDOWS\System32\WindowsPowerShell\v1.0\;C:\WINDOWS\System32\OpenSSH\;C:\Program Files\Git\cmd;C:\Program Files\dotnet\;C:\xampp\php;C:\ProgramData\ComposerSetup\bin;C:\Program Files\nodejs\;C:\ProgramData\chocolatey\bin;C:\Program Files\nodejs;C:\Users\IIISI\AppData\Local\Microsoft\WindowsApps;C:\Users\IIISI\AppData\Local\Programs\Microsoft VS Code\bin;C:\Users\IIISI\AppData\Roaming\Composer\vendor\bin;C:\Users\IIISI\AppData\Roaming\npm;C:\Program Files\nodejs;C:\Users\IIISI\AppData\Local\GitHubDesktop\bin
USERNAME=IIISI
DISPLAY=:0.0
LC_ALL=en_US.UTF-8
TERM=xterm-256color
TMPDIR=C:\Users\IIISI\AppData\Local\Temp
OS=Windows_NT
PROCESSOR_IDENTIFIER=Intel64 Family 6 Model 154 Stepping 3, GenuineIntel
TMP=C:\Users\IIISI\AppData\Local\Temp
TEMP=C:\Users\IIISI\AppData\Local\Temp


JNI global refs:
JNI global refs: 0, weak refs: 0

JNI global refs memory usage: 0, weak refs: 0

OOME stack traces (most recent first):
Classloader memory used:


---------------  S Y S T E M  ---------------

OS:
 Windows 11 , 64 bit Build 22621 (10.0.22621.3235)
OS uptime: 6 days 10:09 hours

CPU: total 12 (initial active 12) (6 cores per cpu, 2 threads per core) family 6 model 154 stepping 3 microcode 0x424, cx8, cmov, fxsr, ht, mmx, 3dnowpref, sse, sse2, sse3, ssse3, sse4.1, sse4.2, popcnt, lzcnt, tsc, tscinvbit, avx, avx2, aes, erms, clmul, bmi1, bmi2, adx, sha, fma, vzeroupper, clflush, clflushopt, clwb

Memory: 4k page, system-wide physical 24279M (6308M free)
TotalPageFile size 26199M (AvailPageFile size 223M)
current process WorkingSet (physical memory assigned to process): 11M, peak: 11M
current process commit charge ("private bytes"): 64M, peak: 444M

vm_info: OpenJDK 64-Bit Server VM (17.0.7+0-b2043.56-10550314) for windows-amd64 JRE (17.0.7+0-b2043.56-10550314), built on Jul 24 2023 18:27:45 by "androidbuild" with MS VC++ 16.10 / 16.11 (VS2019)

END.
